// Jest Snapshot v1, https://goo.gl/fbAQLP

exports[`renders a VPC with minimal config 1`] = `
"{
  \\"//\\": {
    \\"metadata\\": {
      \\"version\\": \\"stubbed\\",
      \\"stackName\\": \\"test\\"
    }
  },
  \\"data\\": {
    \\"aws_ssm_parameter\\": {
      \\"testPocketVPC_vpc_ssm_param_DED34ABC\\": {
        \\"name\\": \\"/Shared/Vpc\\",
        \\"//\\": {
          \\"metadata\\": {
            \\"path\\": \\"test/testPocketVPC/vpc_ssm_param\\",
            \\"uniqueId\\": \\"testPocketVPC_vpc_ssm_param_DED34ABC\\"
          }
        }
      },
      \\"testPocketVPC_private_subnets_3CC52CDC\\": {
        \\"name\\": \\"/Shared/PrivateSubnets\\",
        \\"//\\": {
          \\"metadata\\": {
            \\"path\\": \\"test/testPocketVPC/private_subnets\\",
            \\"uniqueId\\": \\"testPocketVPC_private_subnets_3CC52CDC\\"
          }
        }
      },
      \\"testPocketVPC_public_subnets_21F01977\\": {
        \\"name\\": \\"/Shared/PublicSubnets\\",
        \\"//\\": {
          \\"metadata\\": {
            \\"path\\": \\"test/testPocketVPC/public_subnets\\",
            \\"uniqueId\\": \\"testPocketVPC_public_subnets_21F01977\\"
          }
        }
      }
    },
    \\"aws_vpc\\": {
      \\"testPocketVPC_vpc_52CB41F5\\": {
        \\"filter\\": [
          {
            \\"name\\": \\"vpc-id\\",
            \\"values\\": [
              \\"\${data.aws_ssm_parameter.testPocketVPC_vpc_ssm_param_DED34ABC.value}\\"
            ]
          }
        ],
        \\"//\\": {
          \\"metadata\\": {
            \\"path\\": \\"test/testPocketVPC/vpc\\",
            \\"uniqueId\\": \\"testPocketVPC_vpc_52CB41F5\\"
          }
        }
      }
    },
    \\"aws_subnet_ids\\": {
      \\"testPocketVPC_private_subnet_ids_61A307A3\\": {
        \\"vpc_id\\": \\"\${data.aws_vpc.testPocketVPC_vpc_52CB41F5.id}\\",
        \\"filter\\": [
          {
            \\"name\\": \\"subnet-id\\",
            \\"values\\": \\"\${split(\\\\\\",\\\\\\", data.aws_ssm_parameter.testPocketVPC_private_subnets_3CC52CDC.value)}\\"
          }
        ],
        \\"//\\": {
          \\"metadata\\": {
            \\"path\\": \\"test/testPocketVPC/private_subnet_ids\\",
            \\"uniqueId\\": \\"testPocketVPC_private_subnet_ids_61A307A3\\"
          }
        }
      },
      \\"testPocketVPC_public_subnet_ids_5AC8BE89\\": {
        \\"vpc_id\\": \\"\${data.aws_vpc.testPocketVPC_vpc_52CB41F5.id}\\",
        \\"filter\\": [
          {
            \\"name\\": \\"subnet-id\\",
            \\"values\\": \\"\${split(\\\\\\",\\\\\\", data.aws_ssm_parameter.testPocketVPC_public_subnets_21F01977.value)}\\"
          }
        ],
        \\"//\\": {
          \\"metadata\\": {
            \\"path\\": \\"test/testPocketVPC/public_subnet_ids\\",
            \\"uniqueId\\": \\"testPocketVPC_public_subnet_ids_5AC8BE89\\"
          }
        }
      }
    },
    \\"aws_caller_identity\\": {
      \\"testPocketVPC_current_identity_433574E3\\": {
        \\"//\\": {
          \\"metadata\\": {
            \\"path\\": \\"test/testPocketVPC/current_identity\\",
            \\"uniqueId\\": \\"testPocketVPC_current_identity_433574E3\\"
          }
        }
      }
    },
    \\"aws_region\\": {
      \\"testPocketVPC_current_region_1C1E28CD\\": {
        \\"//\\": {
          \\"metadata\\": {
            \\"path\\": \\"test/testPocketVPC/current_region\\",
            \\"uniqueId\\": \\"testPocketVPC_current_region_1C1E28CD\\"
          }
        }
      }
    },
    \\"aws_kms_alias\\": {
      \\"testPocketVPC_secrets_manager_key_3F5AECFC\\": {
        \\"name\\": \\"alias/aws/secretsmanager\\",
        \\"//\\": {
          \\"metadata\\": {
            \\"path\\": \\"test/testPocketVPC/secrets_manager_key\\",
            \\"uniqueId\\": \\"testPocketVPC_secrets_manager_key_3F5AECFC\\"
          }
        }
      }
    },
    \\"aws_security_groups\\": {
      \\"testPocketVPC_default_security_groups_48E7EA82\\": {
        \\"filter\\": [
          {
            \\"name\\": \\"group-name\\",
            \\"values\\": [
              \\"default\\"
            ]
          },
          {
            \\"name\\": \\"vpc-id\\",
            \\"values\\": [
              \\"\${data.aws_vpc.testPocketVPC_vpc_52CB41F5.id}\\"
            ]
          }
        ],
        \\"//\\": {
          \\"metadata\\": {
            \\"path\\": \\"test/testPocketVPC/default_security_groups\\",
            \\"uniqueId\\": \\"testPocketVPC_default_security_groups_48E7EA82\\"
          }
        }
      }
    }
  }
}"
`;
